Resolving dependencies...
Downloading packages...
  _flutterfire_internals 1.3.59 (1.3.67 available)
  audio_session 0.1.25 (0.2.2 available)
  characters 1.4.0 (1.4.1 available)
  cloud_firestore 5.6.12 (6.1.3 available)
  cloud_firestore_platform_interface 6.6.12 (7.0.7 available)
  cloud_firestore_web 4.4.12 (5.1.3 available)
  cloud_functions 5.6.2 (6.0.7 available)
  cloud_functions_platform_interface 5.8.2 (5.8.10 available)
  cloud_functions_web 4.11.5 (5.1.3 available)
  connectivity_plus 6.1.5 (7.0.0 available)
  firebase_auth 5.7.0 (6.2.0 available)
  firebase_auth_platform_interface 7.7.3 (8.1.7 available)
  firebase_auth_web 5.15.3 (6.1.3 available)
  firebase_core 3.15.2 (4.5.0 available)
  firebase_core_web 2.24.1 (3.5.0 available)
  firebase_messaging 15.2.10 (16.1.2 available)
  firebase_messaging_platform_interface 4.6.10 (4.7.7 available)
  firebase_messaging_web 3.10.10 (4.1.3 available)
  firebase_storage 12.4.10 (13.1.0 available)
  firebase_storage_platform_interface 5.2.10 (5.2.18 available)
  firebase_storage_web 3.10.17 (3.11.3 available)
  fl_chart 0.70.2 (1.1.1 available)
  flutter_lints 5.0.0 (6.0.0 available)
  flutter_local_notifications 21.0.0-dev.2 (21.0.0 available)
  flutter_local_notifications_linux 8.0.0-dev.1 (8.0.0 available)
  flutter_local_notifications_platform_interface 11.0.0-dev.1 (11.0.0 available)
  flutter_local_notifications_windows 3.0.0-dev.1 (3.0.0 available)
  flutter_markdown 0.7.7+1 (discontinued replaced by flutter_markdown_plus)
  google_fonts 6.3.3 (8.0.2 available)
  google_sign_in 6.3.0 (7.2.0 available)
  google_sign_in_android 6.2.1 (7.2.9 available)
  google_sign_in_ios 5.9.0 (6.3.0 available)
  google_sign_in_platform_interface 2.5.0 (3.1.0 available)
  google_sign_in_web 0.12.4+4 (1.1.2 available)
  just_audio 0.9.46 (0.10.5 available)
  lints 5.1.1 (6.1.0 available)
  matcher 0.12.17 (0.12.19 available)
  material_color_utilities 0.11.1 (0.13.0 available)
  meta 1.17.0 (1.18.1 available)
  path_provider_foundation 2.5.1 (2.6.0 available)
  record 5.2.1 (6.2.0 available)
  record_linux 0.7.2 (1.3.0 available)
  smooth_page_indicator 1.2.1 (2.0.1 available)
  test_api 0.7.7 (0.7.10 available)
Got dependencies!
1 package is discontinued.
43 packages have newer versions incompatible with dependency constraints.
Try `flutter pub outdated` for more information.
Running Gradle task 'assembleDebug'...                          
/C:/Users/ACER/AppData/Local/Pub/Cache/hosted/pub.dev/record_linux-0.7.2/lib/record_linux.dart:12:7: Error: The non-abstract class 'RecordLinux' is missing implementations for these members:
 - RecordMethodChannelPlatformInterface.startStream
Try to either
 - provide an implementation,
 - inherit an implementation from a superclass or mixin,
 - mark the class as abstract, or
 - provide a 'noSuchMethod' implementation.
class RecordLinux extends RecordPlatform {
      ^^^^^^^^^^^
/C:/Users/ACER/AppData/Local/Pub/Cache/hosted/pub.dev/record_platform_interface-1.5.0/lib/src/record_platform_interface.dart:46:29: Context: 'RecordMethodChannelPlatformInterface.startStream' is defined here.
  Future<Stream<Uint8List>> startStream(String recorderId, RecordConfig config);
                            ^^^^^^^^^^^
/C:/Users/ACER/AppData/Local/Pub/Cache/hosted/pub.dev/record_linux-0.7.2/lib/record_linux.dart:36:16: Error: The method 'RecordLinux.hasPermission' has fewer named arguments than those of overridden method 'RecordMethodChannelPlatformInterface.hasPermission'.
  Future<bool> hasPermission(String recorderId) {
               ^
/C:/Users/ACER/AppData/Local/Pub/Cache/hosted/pub.dev/record_platform_interface-1.5.0/lib/src/record_platform_interface.dart:74:16: Context: This is the overridden method ('hasPermission').
  Future<bool> hasPermission(String recorderId, {bool request = true});
               ^
Target kernel_snapshot_program failed: Exception


FAILURE: Build failed with an exception.

* What went wrong:
Execution failed for task ':app:compileFlutterBuildDebug'.
> Process 'command 'D:\Sourabh\flutter\bin\flutter.bat'' finished with non-zero exit value 1

* Try:
> Run with --stacktrace option to get the stack trace.
> Run with --info or --debug option to get more log output.
> Run with --scan to get full insights.
> Get more help at https://help.gradle.org.

BUILD FAILED in 2m 26s
Running Gradle task 'assembleDebug'...                            149.7s
Gradle task assembleDebug failed with exit code 1
